[0.469s] Invoking command in '/home/vboxuser/ros2_ws/src/flembot_bringup': DEBUGINFOD_URLS=https://debuginfod.ubuntu.com PYTHONPATH=/home/vboxuser/ros2_ws/build/flembot_bringup/prefix_override:/usr/lib/python3/dist-packages/colcon_core/task/python/colcon_distutils_commands:/home/vboxuser/ros2_ws/install/flembot_bringup/lib/python3.12/site-packages:${PYTHONPATH} /usr/bin/python3 -W ignore:setup.py install is deprecated -W ignore:easy_install command is deprecated setup.py egg_info --egg-base ../../build/flembot_bringup build --build-base /home/vboxuser/ros2_ws/build/flembot_bringup/build install --record /home/vboxuser/ros2_ws/build/flembot_bringup/install.log --single-version-externally-managed install_data
[0.580s] running egg_info
[0.580s] creating ../../build/flembot_bringup/flembot_bringup.egg-info
[0.586s] writing ../../build/flembot_bringup/flembot_bringup.egg-info/PKG-INFO
[0.587s] writing dependency_links to ../../build/flembot_bringup/flembot_bringup.egg-info/dependency_links.txt
[0.587s] writing requirements to ../../build/flembot_bringup/flembot_bringup.egg-info/requires.txt
[0.587s] writing top-level names to ../../build/flembot_bringup/flembot_bringup.egg-info/top_level.txt
[0.587s] writing manifest file '../../build/flembot_bringup/flembot_bringup.egg-info/SOURCES.txt'
[0.603s] reading manifest file '../../build/flembot_bringup/flembot_bringup.egg-info/SOURCES.txt'
[0.603s] writing manifest file '../../build/flembot_bringup/flembot_bringup.egg-info/SOURCES.txt'
[0.603s] running build
[0.603s] running build_py
[0.603s] creating /home/vboxuser/ros2_ws/build/flembot_bringup/build
[0.603s] creating /home/vboxuser/ros2_ws/build/flembot_bringup/build/lib
[0.603s] creating /home/vboxuser/ros2_ws/build/flembot_bringup/build/lib/flembot_bringup
[0.603s] copying flembot_bringup/__init__.py -> /home/vboxuser/ros2_ws/build/flembot_bringup/build/lib/flembot_bringup
[0.603s] running install
[0.606s] running install_lib
[0.614s] creating /home/vboxuser/ros2_ws/install/flembot_bringup/lib/python3.12/site-packages/flembot_bringup
[0.614s] copying /home/vboxuser/ros2_ws/build/flembot_bringup/build/lib/flembot_bringup/__init__.py -> /home/vboxuser/ros2_ws/install/flembot_bringup/lib/python3.12/site-packages/flembot_bringup
[0.615s] byte-compiling /home/vboxuser/ros2_ws/install/flembot_bringup/lib/python3.12/site-packages/flembot_bringup/__init__.py to __init__.cpython-312.pyc
[0.615s] running install_data
[0.615s] creating /home/vboxuser/ros2_ws/install/flembot_bringup/share/ament_index
[0.615s] creating /home/vboxuser/ros2_ws/install/flembot_bringup/share/ament_index/resource_index
[0.616s] creating /home/vboxuser/ros2_ws/install/flembot_bringup/share/ament_index/resource_index/packages
[0.616s] copying resource/flembot_bringup -> /home/vboxuser/ros2_ws/install/flembot_bringup/share/ament_index/resource_index/packages
[0.616s] copying package.xml -> /home/vboxuser/ros2_ws/install/flembot_bringup/share/flembot_bringup
[0.616s] creating /home/vboxuser/ros2_ws/install/flembot_bringup/share/flembot_bringup/launch
[0.616s] copying launch/sim.launch.py -> /home/vboxuser/ros2_ws/install/flembot_bringup/share/flembot_bringup/launch
[0.616s] creating /home/vboxuser/ros2_ws/install/flembot_bringup/share/flembot_bringup/worlds
[0.616s] copying worlds/empty.world -> /home/vboxuser/ros2_ws/install/flembot_bringup/share/flembot_bringup/worlds
[0.616s] copying worlds/obstacles.world -> /home/vboxuser/ros2_ws/install/flembot_bringup/share/flembot_bringup/worlds
[0.616s] creating /home/vboxuser/ros2_ws/install/flembot_bringup/share/flembot_bringup/config
[0.616s] copying config/ros_gz_config.yaml -> /home/vboxuser/ros2_ws/install/flembot_bringup/share/flembot_bringup/config
[0.616s] running install_egg_info
[0.624s] Copying ../../build/flembot_bringup/flembot_bringup.egg-info to /home/vboxuser/ros2_ws/install/flembot_bringup/lib/python3.12/site-packages/flembot_bringup-0.0.0-py3.12.egg-info
[0.625s] running install_scripts
[0.689s] writing list of installed files to '/home/vboxuser/ros2_ws/build/flembot_bringup/install.log'
[0.704s] Invoked command in '/home/vboxuser/ros2_ws/src/flembot_bringup' returned '0': DEBUGINFOD_URLS=https://debuginfod.ubuntu.com PYTHONPATH=/home/vboxuser/ros2_ws/build/flembot_bringup/prefix_override:/usr/lib/python3/dist-packages/colcon_core/task/python/colcon_distutils_commands:/home/vboxuser/ros2_ws/install/flembot_bringup/lib/python3.12/site-packages:${PYTHONPATH} /usr/bin/python3 -W ignore:setup.py install is deprecated -W ignore:easy_install command is deprecated setup.py egg_info --egg-base ../../build/flembot_bringup build --build-base /home/vboxuser/ros2_ws/build/flembot_bringup/build install --record /home/vboxuser/ros2_ws/build/flembot_bringup/install.log --single-version-externally-managed install_data
