[0.038s] DEBUG:colcon:Command line arguments: ['/usr/bin/colcon', 'build']
[0.038s] DEBUG:colcon:Parsed command line arguments: Namespace(log_base=None, log_level=None, verb_name='build', build_base='build', install_base='install', merge_install=False, symlink_install=False, test_result_base=None, continue_on_error=False, executor='parallel', parallel_workers=4, event_handlers=None, ignore_user_meta=False, metas=['./colcon.meta'], base_paths=['.'], packages_ignore=None, packages_ignore_regex=None, paths=None, packages_up_to=None, packages_up_to_regex=None, packages_above=None, packages_above_and_dependencies=None, packages_above_depth=None, packages_select_by_dep=None, packages_skip_by_dep=None, packages_skip_up_to=None, packages_select_build_failed=False, packages_skip_build_finished=False, packages_select_test_failures=False, packages_skip_test_passed=False, packages_select=None, packages_skip=None, packages_select_regex=None, packages_skip_regex=None, packages_start=None, packages_end=None, allow_overriding=[], cmake_args=None, cmake_target=None, cmake_target_skip_unavailable=False, cmake_clean_cache=False, cmake_clean_first=False, cmake_force_configure=False, ament_cmake_args=None, catkin_cmake_args=None, catkin_skip_building_tests=False, mixin_files=None, mixin=None, verb_parser=<colcon_mixin.mixin.mixin_argument.MixinArgumentDecorator object at 0xf14ab6876900>, verb_extension=<colcon_core.verb.build.BuildVerb object at 0xf14ab681c590>, main=<bound method BuildVerb.main of <colcon_core.verb.build.BuildVerb object at 0xf14ab681c590>>, mixin_verb=('build',))
[0.051s] Level 1:colcon.colcon_core.package_discovery:discover_packages(colcon_meta) check parameters
[0.051s] Level 1:colcon.colcon_core.package_discovery:discover_packages(recursive) check parameters
[0.051s] Level 1:colcon.colcon_core.package_discovery:discover_packages(ignore) check parameters
[0.051s] Level 1:colcon.colcon_core.package_discovery:discover_packages(path) check parameters
[0.051s] Level 1:colcon.colcon_core.package_discovery:discover_packages(colcon_meta) discover
[0.051s] Level 1:colcon.colcon_core.package_discovery:discover_packages(recursive) discover
[0.051s] INFO:colcon.colcon_core.package_discovery:Crawling recursively for packages in '/home/vboxuser/ros2_ws'
[0.052s] Level 1:colcon.colcon_core.package_identification:_identify(.) by extensions ['ignore', 'ignore_ament_install']
[0.052s] Level 1:colcon.colcon_core.package_identification:_identify(.) by extension 'ignore'
[0.052s] Level 1:colcon.colcon_core.package_identification:_identify(.) by extension 'ignore_ament_install'
[0.052s] Level 1:colcon.colcon_core.package_identification:_identify(.) by extensions ['colcon_pkg']
[0.052s] Level 1:colcon.colcon_core.package_identification:_identify(.) by extension 'colcon_pkg'
[0.052s] Level 1:colcon.colcon_core.package_identification:_identify(.) by extensions ['colcon_meta']
[0.052s] Level 1:colcon.colcon_core.package_identification:_identify(.) by extension 'colcon_meta'
[0.052s] Level 1:colcon.colcon_core.package_identification:_identify(.) by extensions ['ros']
[0.052s] Level 1:colcon.colcon_core.package_identification:_identify(.) by extension 'ros'
[0.061s] Level 1:colcon.colcon_core.package_identification:_identify(.) by extensions ['cmake', 'python']
[0.061s] Level 1:colcon.colcon_core.package_identification:_identify(.) by extension 'cmake'
[0.061s] Level 1:colcon.colcon_core.package_identification:_identify(.) by extension 'python'
[0.061s] Level 1:colcon.colcon_core.package_identification:_identify(.) by extensions ['python_setup_py']
[0.061s] Level 1:colcon.colcon_core.package_identification:_identify(.) by extension 'python_setup_py'
[0.061s] Level 1:colcon.colcon_core.package_identification:_identify(build) by extensions ['ignore', 'ignore_ament_install']
[0.061s] Level 1:colcon.colcon_core.package_identification:_identify(build) by extension 'ignore'
[0.061s] Level 1:colcon.colcon_core.package_identification:_identify(build) ignored
[0.061s] Level 1:colcon.colcon_core.package_identification:_identify(install) by extensions ['ignore', 'ignore_ament_install']
[0.061s] Level 1:colcon.colcon_core.package_identification:_identify(install) by extension 'ignore'
[0.061s] Level 1:colcon.colcon_core.package_identification:_identify(install) ignored
[0.061s] Level 1:colcon.colcon_core.package_identification:_identify(log) by extensions ['ignore', 'ignore_ament_install']
[0.061s] Level 1:colcon.colcon_core.package_identification:_identify(log) by extension 'ignore'
[0.061s] Level 1:colcon.colcon_core.package_identification:_identify(log) ignored
[0.061s] Level 1:colcon.colcon_core.package_identification:_identify(src) by extensions ['ignore', 'ignore_ament_install']
[0.061s] Level 1:colcon.colcon_core.package_identification:_identify(src) by extension 'ignore'
[0.061s] Level 1:colcon.colcon_core.package_identification:_identify(src) by extension 'ignore_ament_install'
[0.061s] Level 1:colcon.colcon_core.package_identification:_identify(src) by extensions ['colcon_pkg']
[0.061s] Level 1:colcon.colcon_core.package_identification:_identify(src) by extension 'colcon_pkg'
[0.061s] Level 1:colcon.colcon_core.package_identification:_identify(src) by extensions ['colcon_meta']
[0.061s] Level 1:colcon.colcon_core.package_identification:_identify(src) by extension 'colcon_meta'
[0.061s] Level 1:colcon.colcon_core.package_identification:_identify(src) by extensions ['ros']
[0.061s] Level 1:colcon.colcon_core.package_identification:_identify(src) by extension 'ros'
[0.061s] Level 1:colcon.colcon_core.package_identification:_identify(src) by extensions ['cmake', 'python']
[0.061s] Level 1:colcon.colcon_core.package_identification:_identify(src) by extension 'cmake'
[0.061s] Level 1:colcon.colcon_core.package_identification:_identify(src) by extension 'python'
[0.061s] Level 1:colcon.colcon_core.package_identification:_identify(src) by extensions ['python_setup_py']
[0.061s] Level 1:colcon.colcon_core.package_identification:_identify(src) by extension 'python_setup_py'
[0.061s] Level 1:colcon.colcon_core.package_identification:_identify(src/flembot_bringup) by extensions ['ignore', 'ignore_ament_install']
[0.061s] Level 1:colcon.colcon_core.package_identification:_identify(src/flembot_bringup) by extension 'ignore'
[0.061s] Level 1:colcon.colcon_core.package_identification:_identify(src/flembot_bringup) by extension 'ignore_ament_install'
[0.061s] Level 1:colcon.colcon_core.package_identification:_identify(src/flembot_bringup) by extensions ['colcon_pkg']
[0.061s] Level 1:colcon.colcon_core.package_identification:_identify(src/flembot_bringup) by extension 'colcon_pkg'
[0.061s] Level 1:colcon.colcon_core.package_identification:_identify(src/flembot_bringup) by extensions ['colcon_meta']
[0.061s] Level 1:colcon.colcon_core.package_identification:_identify(src/flembot_bringup) by extension 'colcon_meta'
[0.061s] Level 1:colcon.colcon_core.package_identification:_identify(src/flembot_bringup) by extensions ['ros']
[0.061s] Level 1:colcon.colcon_core.package_identification:_identify(src/flembot_bringup) by extension 'ros'
[0.062s] DEBUG:colcon.colcon_core.package_identification:Package 'src/flembot_bringup' with type 'ros.ament_python' and name 'flembot_bringup'
[0.062s] Level 1:colcon.colcon_core.package_identification:_identify(src/flembot_control) by extensions ['ignore', 'ignore_ament_install']
[0.062s] Level 1:colcon.colcon_core.package_identification:_identify(src/flembot_control) by extension 'ignore'
[0.062s] Level 1:colcon.colcon_core.package_identification:_identify(src/flembot_control) by extension 'ignore_ament_install'
[0.062s] Level 1:colcon.colcon_core.package_identification:_identify(src/flembot_control) by extensions ['colcon_pkg']
[0.062s] Level 1:colcon.colcon_core.package_identification:_identify(src/flembot_control) by extension 'colcon_pkg'
[0.062s] Level 1:colcon.colcon_core.package_identification:_identify(src/flembot_control) by extensions ['colcon_meta']
[0.062s] Level 1:colcon.colcon_core.package_identification:_identify(src/flembot_control) by extension 'colcon_meta'
[0.062s] Level 1:colcon.colcon_core.package_identification:_identify(src/flembot_control) by extensions ['ros']
[0.062s] Level 1:colcon.colcon_core.package_identification:_identify(src/flembot_control) by extension 'ros'
[0.063s] DEBUG:colcon.colcon_core.package_identification:Package 'src/flembot_control' with type 'ros.ament_python' and name 'flembot_control'
[0.063s] Level 1:colcon.colcon_core.package_identification:_identify(src/flembot_description) by extensions ['ignore', 'ignore_ament_install']
[0.063s] Level 1:colcon.colcon_core.package_identification:_identify(src/flembot_description) by extension 'ignore'
[0.063s] Level 1:colcon.colcon_core.package_identification:_identify(src/flembot_description) by extension 'ignore_ament_install'
[0.063s] Level 1:colcon.colcon_core.package_identification:_identify(src/flembot_description) by extensions ['colcon_pkg']
[0.063s] Level 1:colcon.colcon_core.package_identification:_identify(src/flembot_description) by extension 'colcon_pkg'
[0.063s] Level 1:colcon.colcon_core.package_identification:_identify(src/flembot_description) by extensions ['colcon_meta']
[0.063s] Level 1:colcon.colcon_core.package_identification:_identify(src/flembot_description) by extension 'colcon_meta'
[0.063s] Level 1:colcon.colcon_core.package_identification:_identify(src/flembot_description) by extensions ['ros']
[0.063s] Level 1:colcon.colcon_core.package_identification:_identify(src/flembot_description) by extension 'ros'
[0.063s] DEBUG:colcon.colcon_core.package_identification:Package 'src/flembot_description' with type 'ros.ament_cmake' and name 'flembot_description'
[0.063s] Level 1:colcon.colcon_core.package_discovery:discover_packages(recursive) using defaults
[0.063s] Level 1:colcon.colcon_core.package_discovery:discover_packages(ignore) discover
[0.063s] Level 1:colcon.colcon_core.package_discovery:discover_packages(ignore) using defaults
[0.063s] Level 1:colcon.colcon_core.package_discovery:discover_packages(path) discover
[0.063s] Level 1:colcon.colcon_core.package_discovery:discover_packages(path) using defaults
[0.069s] Level 1:colcon.colcon_core.package_discovery:discover_packages(prefix_path) check parameters
[0.069s] Level 1:colcon.colcon_core.package_discovery:discover_packages(prefix_path) discover
[0.069s] WARNING:colcon.colcon_ros.prefix_path.ament:The path '/home/vboxuser/ros2_ws/install/flembot_description' in the environment variable AMENT_PREFIX_PATH doesn't exist
[0.069s] WARNING:colcon.colcon_ros.prefix_path.ament:The path '/home/vboxuser/ros2_ws/install/flembot_control' in the environment variable AMENT_PREFIX_PATH doesn't exist
[0.069s] WARNING:colcon.colcon_ros.prefix_path.ament:The path '/home/vboxuser/ros2_ws/install/flembot_bringup' in the environment variable AMENT_PREFIX_PATH doesn't exist
[0.069s] WARNING:colcon.colcon_ros.prefix_path.catkin:The path '/home/vboxuser/ros2_ws/install/flembot_description' in the environment variable CMAKE_PREFIX_PATH doesn't exist
[0.070s] DEBUG:colcon.colcon_installed_package_information.package_discovery:Found 0 installed packages in /home/vboxuser/ros2_ws/install
[0.070s] DEBUG:colcon.colcon_installed_package_information.package_discovery:Found 350 installed packages in /opt/ros/jazzy
[0.071s] Level 1:colcon.colcon_core.package_discovery:discover_packages(prefix_path) using defaults
[0.090s] Level 5:colcon.colcon_core.verb:set package 'flembot_bringup' build argument 'cmake_args' from command line to 'None'
[0.090s] Level 5:colcon.colcon_core.verb:set package 'flembot_bringup' build argument 'cmake_target' from command line to 'None'
[0.090s] Level 5:colcon.colcon_core.verb:set package 'flembot_bringup' build argument 'cmake_target_skip_unavailable' from command line to 'False'
[0.090s] Level 5:colcon.colcon_core.verb:set package 'flembot_bringup' build argument 'cmake_clean_cache' from command line to 'False'
[0.090s] Level 5:colcon.colcon_core.verb:set package 'flembot_bringup' build argument 'cmake_clean_first' from command line to 'False'
[0.090s] Level 5:colcon.colcon_core.verb:set package 'flembot_bringup' build argument 'cmake_force_configure' from command line to 'False'
[0.090s] Level 5:colcon.colcon_core.verb:set package 'flembot_bringup' build argument 'ament_cmake_args' from command line to 'None'
[0.090s] Level 5:colcon.colcon_core.verb:set package 'flembot_bringup' build argument 'catkin_cmake_args' from command line to 'None'
[0.090s] Level 5:colcon.colcon_core.verb:set package 'flembot_bringup' build argument 'catkin_skip_building_tests' from command line to 'False'
[0.090s] DEBUG:colcon.colcon_core.verb:Building package 'flembot_bringup' with the following arguments: {'ament_cmake_args': None, 'build_base': '/home/vboxuser/ros2_ws/build/flembot_bringup', 'catkin_cmake_args': None, 'catkin_skip_building_tests': False, 'cmake_args': None, 'cmake_clean_cache': False, 'cmake_clean_first': False, 'cmake_force_configure': False, 'cmake_target': None, 'cmake_target_skip_unavailable': False, 'install_base': '/home/vboxuser/ros2_ws/install/flembot_bringup', 'merge_install': False, 'path': '/home/vboxuser/ros2_ws/src/flembot_bringup', 'symlink_install': False, 'test_result_base': None}
[0.091s] Level 5:colcon.colcon_core.verb:set package 'flembot_control' build argument 'cmake_args' from command line to 'None'
[0.091s] Level 5:colcon.colcon_core.verb:set package 'flembot_control' build argument 'cmake_target' from command line to 'None'
[0.091s] Level 5:colcon.colcon_core.verb:set package 'flembot_control' build argument 'cmake_target_skip_unavailable' from command line to 'False'
[0.091s] Level 5:colcon.colcon_core.verb:set package 'flembot_control' build argument 'cmake_clean_cache' from command line to 'False'
[0.091s] Level 5:colcon.colcon_core.verb:set package 'flembot_control' build argument 'cmake_clean_first' from command line to 'False'
[0.091s] Level 5:colcon.colcon_core.verb:set package 'flembot_control' build argument 'cmake_force_configure' from command line to 'False'
[0.091s] Level 5:colcon.colcon_core.verb:set package 'flembot_control' build argument 'ament_cmake_args' from command line to 'None'
[0.091s] Level 5:colcon.colcon_core.verb:set package 'flembot_control' build argument 'catkin_cmake_args' from command line to 'None'
[0.091s] Level 5:colcon.colcon_core.verb:set package 'flembot_control' build argument 'catkin_skip_building_tests' from command line to 'False'
[0.091s] DEBUG:colcon.colcon_core.verb:Building package 'flembot_control' with the following arguments: {'ament_cmake_args': None, 'build_base': '/home/vboxuser/ros2_ws/build/flembot_control', 'catkin_cmake_args': None, 'catkin_skip_building_tests': False, 'cmake_args': None, 'cmake_clean_cache': False, 'cmake_clean_first': False, 'cmake_force_configure': False, 'cmake_target': None, 'cmake_target_skip_unavailable': False, 'install_base': '/home/vboxuser/ros2_ws/install/flembot_control', 'merge_install': False, 'path': '/home/vboxuser/ros2_ws/src/flembot_control', 'symlink_install': False, 'test_result_base': None}
[0.091s] Level 5:colcon.colcon_core.verb:set package 'flembot_description' build argument 'cmake_args' from command line to 'None'
[0.091s] Level 5:colcon.colcon_core.verb:set package 'flembot_description' build argument 'cmake_target' from command line to 'None'
[0.091s] Level 5:colcon.colcon_core.verb:set package 'flembot_description' build argument 'cmake_target_skip_unavailable' from command line to 'False'
[0.091s] Level 5:colcon.colcon_core.verb:set package 'flembot_description' build argument 'cmake_clean_cache' from command line to 'False'
[0.091s] Level 5:colcon.colcon_core.verb:set package 'flembot_description' build argument 'cmake_clean_first' from command line to 'False'
[0.091s] Level 5:colcon.colcon_core.verb:set package 'flembot_description' build argument 'cmake_force_configure' from command line to 'False'
[0.091s] Level 5:colcon.colcon_core.verb:set package 'flembot_description' build argument 'ament_cmake_args' from command line to 'None'
[0.091s] Level 5:colcon.colcon_core.verb:set package 'flembot_description' build argument 'catkin_cmake_args' from command line to 'None'
[0.091s] Level 5:colcon.colcon_core.verb:set package 'flembot_description' build argument 'catkin_skip_building_tests' from command line to 'False'
[0.091s] DEBUG:colcon.colcon_core.verb:Building package 'flembot_description' with the following arguments: {'ament_cmake_args': None, 'build_base': '/home/vboxuser/ros2_ws/build/flembot_description', 'catkin_cmake_args': None, 'catkin_skip_building_tests': False, 'cmake_args': None, 'cmake_clean_cache': False, 'cmake_clean_first': False, 'cmake_force_configure': False, 'cmake_target': None, 'cmake_target_skip_unavailable': False, 'install_base': '/home/vboxuser/ros2_ws/install/flembot_description', 'merge_install': False, 'path': '/home/vboxuser/ros2_ws/src/flembot_description', 'symlink_install': False, 'test_result_base': None}
[0.091s] INFO:colcon.colcon_core.executor:Executing jobs using 'parallel' executor
[0.091s] DEBUG:colcon.colcon_parallel_executor.executor.parallel:run_until_complete
[0.092s] INFO:colcon.colcon_ros.task.ament_python.build:Building ROS package in '/home/vboxuser/ros2_ws/src/flembot_bringup' with build type 'ament_python'
[0.092s] Level 1:colcon.colcon_core.shell:create_environment_hook('flembot_bringup', 'ament_prefix_path')
[0.093s] INFO:colcon.colcon_core.plugin_system:Skipping extension 'colcon_core.shell.bat': Not used on non-Windows systems
[0.093s] INFO:colcon.colcon_core.shell:Creating environment hook '/home/vboxuser/ros2_ws/install/flembot_bringup/share/flembot_bringup/hook/ament_prefix_path.ps1'
[0.093s] INFO:colcon.colcon_core.shell:Creating environment descriptor '/home/vboxuser/ros2_ws/install/flembot_bringup/share/flembot_bringup/hook/ament_prefix_path.dsv'
[0.093s] INFO:colcon.colcon_core.shell:Creating environment hook '/home/vboxuser/ros2_ws/install/flembot_bringup/share/flembot_bringup/hook/ament_prefix_path.sh'
[0.094s] INFO:colcon.colcon_core.shell:Skip shell extension 'powershell' for command environment: Not usable outside of PowerShell
[0.094s] DEBUG:colcon.colcon_core.shell:Skip shell extension 'dsv' for command environment
[0.095s] INFO:colcon.colcon_ros.task.ament_python.build:Building ROS package in '/home/vboxuser/ros2_ws/src/flembot_control' with build type 'ament_python'
[0.095s] Level 1:colcon.colcon_core.shell:create_environment_hook('flembot_control', 'ament_prefix_path')
[0.095s] INFO:colcon.colcon_core.shell:Creating environment hook '/home/vboxuser/ros2_ws/install/flembot_control/share/flembot_control/hook/ament_prefix_path.ps1'
[0.095s] INFO:colcon.colcon_core.shell:Creating environment descriptor '/home/vboxuser/ros2_ws/install/flembot_control/share/flembot_control/hook/ament_prefix_path.dsv'
[0.096s] INFO:colcon.colcon_core.shell:Creating environment hook '/home/vboxuser/ros2_ws/install/flembot_control/share/flembot_control/hook/ament_prefix_path.sh'
[0.096s] INFO:colcon.colcon_core.shell:Skip shell extension 'powershell' for command environment: Not usable outside of PowerShell
[0.096s] DEBUG:colcon.colcon_core.shell:Skip shell extension 'dsv' for command environment
[0.097s] INFO:colcon.colcon_ros.task.ament_cmake.build:Building ROS package in '/home/vboxuser/ros2_ws/src/flembot_description' with build type 'ament_cmake'
[0.097s] INFO:colcon.colcon_cmake.task.cmake.build:Building CMake package in '/home/vboxuser/ros2_ws/src/flembot_description'
[0.097s] INFO:colcon.colcon_core.shell:Skip shell extension 'powershell' for command environment: Not usable outside of PowerShell
[0.097s] DEBUG:colcon.colcon_core.shell:Skip shell extension 'dsv' for command environment
[0.184s] INFO:colcon.colcon_core.task.python.build:Building Python package in '/home/vboxuser/ros2_ws/src/flembot_bringup'
[0.184s] INFO:colcon.colcon_core.shell:Skip shell extension 'powershell' for command environment: Not usable outside of PowerShell
[0.184s] DEBUG:colcon.colcon_core.shell:Skip shell extension 'dsv' for command environment
[0.271s] INFO:colcon.colcon_core.task.python.build:Building Python package in '/home/vboxuser/ros2_ws/src/flembot_control'
[0.271s] INFO:colcon.colcon_core.shell:Skip shell extension 'powershell' for command environment: Not usable outside of PowerShell
[0.271s] DEBUG:colcon.colcon_core.shell:Skip shell extension 'dsv' for command environment
[0.274s] DEBUG:colcon.colcon_core.event_handler.log_command:Invoking command in '/home/vboxuser/ros2_ws/build/flembot_description': CMAKE_PREFIX_PATH=${CMAKE_PREFIX_PATH}:/home/vboxuser/ros2_ws/install/flembot_control:/home/vboxuser/ros2_ws/install/flembot_bringup:/opt/ros/jazzy DEBUGINFOD_URLS=https://debuginfod.ubuntu.com /usr/bin/cmake /home/vboxuser/ros2_ws/src/flembot_description -DCMAKE_INSTALL_PREFIX=/home/vboxuser/ros2_ws/install/flembot_description
[0.559s] DEBUG:colcon.colcon_core.event_handler.log_command:Invoking command in '/home/vboxuser/ros2_ws/src/flembot_control': DEBUGINFOD_URLS=https://debuginfod.ubuntu.com PYTHONPATH=/home/vboxuser/ros2_ws/build/flembot_control/prefix_override:/usr/lib/python3/dist-packages/colcon_core/task/python/colcon_distutils_commands:/home/vboxuser/ros2_ws/install/flembot_control/lib/python3.12/site-packages:${PYTHONPATH} /usr/bin/python3 -W ignore:setup.py install is deprecated -W ignore:easy_install command is deprecated setup.py egg_info --egg-base ../../build/flembot_control build --build-base /home/vboxuser/ros2_ws/build/flembot_control/build install --record /home/vboxuser/ros2_ws/build/flembot_control/install.log --single-version-externally-managed install_data
[0.561s] DEBUG:colcon.colcon_core.event_handler.log_command:Invoking command in '/home/vboxuser/ros2_ws/src/flembot_bringup': DEBUGINFOD_URLS=https://debuginfod.ubuntu.com PYTHONPATH=/home/vboxuser/ros2_ws/build/flembot_bringup/prefix_override:/usr/lib/python3/dist-packages/colcon_core/task/python/colcon_distutils_commands:/home/vboxuser/ros2_ws/install/flembot_bringup/lib/python3.12/site-packages:${PYTHONPATH} /usr/bin/python3 -W ignore:setup.py install is deprecated -W ignore:easy_install command is deprecated setup.py egg_info --egg-base ../../build/flembot_bringup build --build-base /home/vboxuser/ros2_ws/build/flembot_bringup/build install --record /home/vboxuser/ros2_ws/build/flembot_bringup/install.log --single-version-externally-managed install_data
[0.666s] DEBUG:colcon.colcon_core.event_handler.log_command:Invoked command in '/home/vboxuser/ros2_ws/build/flembot_description' returned '0': CMAKE_PREFIX_PATH=${CMAKE_PREFIX_PATH}:/home/vboxuser/ros2_ws/install/flembot_control:/home/vboxuser/ros2_ws/install/flembot_bringup:/opt/ros/jazzy DEBUGINFOD_URLS=https://debuginfod.ubuntu.com /usr/bin/cmake /home/vboxuser/ros2_ws/src/flembot_description -DCMAKE_INSTALL_PREFIX=/home/vboxuser/ros2_ws/install/flembot_description
[0.666s] DEBUG:colcon.colcon_core.event_handler.log_command:Invoking command in '/home/vboxuser/ros2_ws/build/flembot_description': CMAKE_PREFIX_PATH=${CMAKE_PREFIX_PATH}:/home/vboxuser/ros2_ws/install/flembot_control:/home/vboxuser/ros2_ws/install/flembot_bringup:/opt/ros/jazzy DEBUGINFOD_URLS=https://debuginfod.ubuntu.com /usr/bin/cmake --build /home/vboxuser/ros2_ws/build/flembot_description -- -j4 -l4
[0.683s] DEBUG:colcon.colcon_core.event_handler.log_command:Invoked command in '/home/vboxuser/ros2_ws/build/flembot_description' returned '0': CMAKE_PREFIX_PATH=${CMAKE_PREFIX_PATH}:/home/vboxuser/ros2_ws/install/flembot_control:/home/vboxuser/ros2_ws/install/flembot_bringup:/opt/ros/jazzy DEBUGINFOD_URLS=https://debuginfod.ubuntu.com /usr/bin/cmake --build /home/vboxuser/ros2_ws/build/flembot_description -- -j4 -l4
[0.687s] DEBUG:colcon.colcon_core.event_handler.log_command:Invoking command in '/home/vboxuser/ros2_ws/build/flembot_description': CMAKE_PREFIX_PATH=${CMAKE_PREFIX_PATH}:/home/vboxuser/ros2_ws/install/flembot_control:/home/vboxuser/ros2_ws/install/flembot_bringup:/opt/ros/jazzy DEBUGINFOD_URLS=https://debuginfod.ubuntu.com /usr/bin/cmake --install /home/vboxuser/ros2_ws/build/flembot_description
[0.692s] Level 1:colcon.colcon_core.environment:create_environment_scripts_only(flembot_description)
[0.693s] DEBUG:colcon.colcon_core.event_handler.log_command:Invoked command in '/home/vboxuser/ros2_ws/build/flembot_description' returned '0': CMAKE_PREFIX_PATH=${CMAKE_PREFIX_PATH}:/home/vboxuser/ros2_ws/install/flembot_control:/home/vboxuser/ros2_ws/install/flembot_bringup:/opt/ros/jazzy DEBUGINFOD_URLS=https://debuginfod.ubuntu.com /usr/bin/cmake --install /home/vboxuser/ros2_ws/build/flembot_description
[0.693s] Level 1:colcon.colcon_core.environment:checking '/home/vboxuser/ros2_ws/install/flembot_description' for CMake module files
[0.693s] Level 1:colcon.colcon_core.environment:checking '/home/vboxuser/ros2_ws/install/flembot_description' for CMake config files
[0.694s] Level 1:colcon.colcon_core.shell:create_environment_hook('flembot_description', 'cmake_prefix_path')
[0.694s] INFO:colcon.colcon_core.shell:Creating environment hook '/home/vboxuser/ros2_ws/install/flembot_description/share/flembot_description/hook/cmake_prefix_path.ps1'
[0.694s] INFO:colcon.colcon_core.shell:Creating environment descriptor '/home/vboxuser/ros2_ws/install/flembot_description/share/flembot_description/hook/cmake_prefix_path.dsv'
[0.694s] INFO:colcon.colcon_core.shell:Creating environment hook '/home/vboxuser/ros2_ws/install/flembot_description/share/flembot_description/hook/cmake_prefix_path.sh'
[0.694s] Level 1:colcon.colcon_core.environment:checking '/home/vboxuser/ros2_ws/install/flembot_description/bin'
[0.694s] Level 1:colcon.colcon_core.environment:checking '/home/vboxuser/ros2_ws/install/flembot_description/lib/pkgconfig/flembot_description.pc'
[0.694s] Level 1:colcon.colcon_core.environment:checking '/home/vboxuser/ros2_ws/install/flembot_description/lib/python3.12/site-packages'
[0.694s] Level 1:colcon.colcon_core.environment:checking '/home/vboxuser/ros2_ws/install/flembot_description/bin'
[0.694s] INFO:colcon.colcon_core.shell:Creating package script '/home/vboxuser/ros2_ws/install/flembot_description/share/flembot_description/package.ps1'
[0.695s] INFO:colcon.colcon_core.shell:Creating package descriptor '/home/vboxuser/ros2_ws/install/flembot_description/share/flembot_description/package.dsv'
[0.695s] INFO:colcon.colcon_core.shell:Creating package script '/home/vboxuser/ros2_ws/install/flembot_description/share/flembot_description/package.sh'
[0.695s] INFO:colcon.colcon_core.shell:Creating package script '/home/vboxuser/ros2_ws/install/flembot_description/share/flembot_description/package.bash'
[0.695s] INFO:colcon.colcon_core.shell:Creating package script '/home/vboxuser/ros2_ws/install/flembot_description/share/flembot_description/package.zsh'
[0.695s] Level 1:colcon.colcon_core.environment:create_file_with_runtime_dependencies(/home/vboxuser/ros2_ws/install/flembot_description/share/colcon-core/packages/flembot_description)
[0.696s] Level 1:colcon.colcon_core.environment:create_environment_scripts_only(flembot_description)
[0.696s] Level 1:colcon.colcon_core.environment:checking '/home/vboxuser/ros2_ws/install/flembot_description' for CMake module files
[0.696s] Level 1:colcon.colcon_core.environment:checking '/home/vboxuser/ros2_ws/install/flembot_description' for CMake config files
[0.696s] Level 1:colcon.colcon_core.shell:create_environment_hook('flembot_description', 'cmake_prefix_path')
[0.696s] INFO:colcon.colcon_core.shell:Creating environment hook '/home/vboxuser/ros2_ws/install/flembot_description/share/flembot_description/hook/cmake_prefix_path.ps1'
[0.696s] INFO:colcon.colcon_core.shell:Creating environment descriptor '/home/vboxuser/ros2_ws/install/flembot_description/share/flembot_description/hook/cmake_prefix_path.dsv'
[0.696s] INFO:colcon.colcon_core.shell:Creating environment hook '/home/vboxuser/ros2_ws/install/flembot_description/share/flembot_description/hook/cmake_prefix_path.sh'
[0.697s] Level 1:colcon.colcon_core.environment:checking '/home/vboxuser/ros2_ws/install/flembot_description/bin'
[0.697s] Level 1:colcon.colcon_core.environment:checking '/home/vboxuser/ros2_ws/install/flembot_description/lib/pkgconfig/flembot_description.pc'
[0.697s] Level 1:colcon.colcon_core.environment:checking '/home/vboxuser/ros2_ws/install/flembot_description/lib/python3.12/site-packages'
[0.697s] Level 1:colcon.colcon_core.environment:checking '/home/vboxuser/ros2_ws/install/flembot_description/bin'
[0.697s] INFO:colcon.colcon_core.shell:Creating package script '/home/vboxuser/ros2_ws/install/flembot_description/share/flembot_description/package.ps1'
[0.697s] INFO:colcon.colcon_core.shell:Creating package descriptor '/home/vboxuser/ros2_ws/install/flembot_description/share/flembot_description/package.dsv'
[0.698s] INFO:colcon.colcon_core.shell:Creating package script '/home/vboxuser/ros2_ws/install/flembot_description/share/flembot_description/package.sh'
[0.698s] INFO:colcon.colcon_core.shell:Creating package script '/home/vboxuser/ros2_ws/install/flembot_description/share/flembot_description/package.bash'
[0.698s] INFO:colcon.colcon_core.shell:Creating package script '/home/vboxuser/ros2_ws/install/flembot_description/share/flembot_description/package.zsh'
[0.698s] Level 1:colcon.colcon_core.environment:create_file_with_runtime_dependencies(/home/vboxuser/ros2_ws/install/flembot_description/share/colcon-core/packages/flembot_description)
[0.803s] Level 1:colcon.colcon_core.environment:checking '/home/vboxuser/ros2_ws/install/flembot_bringup' for CMake module files
[0.803s] Level 1:colcon.colcon_core.environment:checking '/home/vboxuser/ros2_ws/install/flembot_bringup' for CMake config files
[0.803s] DEBUG:colcon.colcon_core.event_handler.log_command:Invoked command in '/home/vboxuser/ros2_ws/src/flembot_bringup' returned '0': DEBUGINFOD_URLS=https://debuginfod.ubuntu.com PYTHONPATH=/home/vboxuser/ros2_ws/build/flembot_bringup/prefix_override:/usr/lib/python3/dist-packages/colcon_core/task/python/colcon_distutils_commands:/home/vboxuser/ros2_ws/install/flembot_bringup/lib/python3.12/site-packages:${PYTHONPATH} /usr/bin/python3 -W ignore:setup.py install is deprecated -W ignore:easy_install command is deprecated setup.py egg_info --egg-base ../../build/flembot_bringup build --build-base /home/vboxuser/ros2_ws/build/flembot_bringup/build install --record /home/vboxuser/ros2_ws/build/flembot_bringup/install.log --single-version-externally-managed install_data
[0.804s] Level 1:colcon.colcon_core.environment:checking '/home/vboxuser/ros2_ws/install/flembot_bringup/lib'
[0.804s] Level 1:colcon.colcon_core.environment:checking '/home/vboxuser/ros2_ws/install/flembot_bringup/bin'
[0.804s] Level 1:colcon.colcon_core.environment:checking '/home/vboxuser/ros2_ws/install/flembot_bringup/lib/pkgconfig/flembot_bringup.pc'
[0.804s] Level 1:colcon.colcon_core.environment:checking '/home/vboxuser/ros2_ws/install/flembot_bringup/lib/python3.12/site-packages'
[0.804s] Level 1:colcon.colcon_core.shell:create_environment_hook('flembot_bringup', 'pythonpath')
[0.804s] INFO:colcon.colcon_core.shell:Creating environment hook '/home/vboxuser/ros2_ws/install/flembot_bringup/share/flembot_bringup/hook/pythonpath.ps1'
[0.804s] INFO:colcon.colcon_core.shell:Creating environment descriptor '/home/vboxuser/ros2_ws/install/flembot_bringup/share/flembot_bringup/hook/pythonpath.dsv'
[0.804s] INFO:colcon.colcon_core.shell:Creating environment hook '/home/vboxuser/ros2_ws/install/flembot_bringup/share/flembot_bringup/hook/pythonpath.sh'
[0.804s] Level 1:colcon.colcon_core.environment:checking '/home/vboxuser/ros2_ws/install/flembot_bringup/bin'
[0.804s] Level 1:colcon.colcon_core.environment:create_environment_scripts_only(flembot_bringup)
[0.805s] INFO:colcon.colcon_core.shell:Creating package script '/home/vboxuser/ros2_ws/install/flembot_bringup/share/flembot_bringup/package.ps1'
[0.805s] INFO:colcon.colcon_core.shell:Creating package descriptor '/home/vboxuser/ros2_ws/install/flembot_bringup/share/flembot_bringup/package.dsv'
[0.805s] INFO:colcon.colcon_core.shell:Creating package script '/home/vboxuser/ros2_ws/install/flembot_bringup/share/flembot_bringup/package.sh'
[0.805s] INFO:colcon.colcon_core.shell:Creating package script '/home/vboxuser/ros2_ws/install/flembot_bringup/share/flembot_bringup/package.bash'
[0.805s] INFO:colcon.colcon_core.shell:Creating package script '/home/vboxuser/ros2_ws/install/flembot_bringup/share/flembot_bringup/package.zsh'
[0.805s] Level 1:colcon.colcon_core.environment:create_file_with_runtime_dependencies(/home/vboxuser/ros2_ws/install/flembot_bringup/share/colcon-core/packages/flembot_bringup)
[0.805s] Level 1:colcon.colcon_core.environment:checking '/home/vboxuser/ros2_ws/install/flembot_control' for CMake module files
[0.805s] Level 1:colcon.colcon_core.environment:checking '/home/vboxuser/ros2_ws/install/flembot_control' for CMake config files
[0.806s] DEBUG:colcon.colcon_core.event_handler.log_command:Invoked command in '/home/vboxuser/ros2_ws/src/flembot_control' returned '0': DEBUGINFOD_URLS=https://debuginfod.ubuntu.com PYTHONPATH=/home/vboxuser/ros2_ws/build/flembot_control/prefix_override:/usr/lib/python3/dist-packages/colcon_core/task/python/colcon_distutils_commands:/home/vboxuser/ros2_ws/install/flembot_control/lib/python3.12/site-packages:${PYTHONPATH} /usr/bin/python3 -W ignore:setup.py install is deprecated -W ignore:easy_install command is deprecated setup.py egg_info --egg-base ../../build/flembot_control build --build-base /home/vboxuser/ros2_ws/build/flembot_control/build install --record /home/vboxuser/ros2_ws/build/flembot_control/install.log --single-version-externally-managed install_data
[0.806s] Level 1:colcon.colcon_core.environment:checking '/home/vboxuser/ros2_ws/install/flembot_control/lib'
[0.806s] Level 1:colcon.colcon_core.environment:checking '/home/vboxuser/ros2_ws/install/flembot_control/bin'
[0.806s] Level 1:colcon.colcon_core.environment:checking '/home/vboxuser/ros2_ws/install/flembot_control/lib/pkgconfig/flembot_control.pc'
[0.806s] Level 1:colcon.colcon_core.environment:checking '/home/vboxuser/ros2_ws/install/flembot_control/lib/python3.12/site-packages'
[0.806s] Level 1:colcon.colcon_core.shell:create_environment_hook('flembot_control', 'pythonpath')
[0.806s] INFO:colcon.colcon_core.shell:Creating environment hook '/home/vboxuser/ros2_ws/install/flembot_control/share/flembot_control/hook/pythonpath.ps1'
[0.806s] INFO:colcon.colcon_core.shell:Creating environment descriptor '/home/vboxuser/ros2_ws/install/flembot_control/share/flembot_control/hook/pythonpath.dsv'
[0.806s] INFO:colcon.colcon_core.shell:Creating environment hook '/home/vboxuser/ros2_ws/install/flembot_control/share/flembot_control/hook/pythonpath.sh'
[0.806s] Level 1:colcon.colcon_core.environment:checking '/home/vboxuser/ros2_ws/install/flembot_control/bin'
[0.807s] Level 1:colcon.colcon_core.environment:create_environment_scripts_only(flembot_control)
[0.807s] INFO:colcon.colcon_core.shell:Creating package script '/home/vboxuser/ros2_ws/install/flembot_control/share/flembot_control/package.ps1'
[0.807s] INFO:colcon.colcon_core.shell:Creating package descriptor '/home/vboxuser/ros2_ws/install/flembot_control/share/flembot_control/package.dsv'
[0.807s] INFO:colcon.colcon_core.shell:Creating package script '/home/vboxuser/ros2_ws/install/flembot_control/share/flembot_control/package.sh'
[0.807s] INFO:colcon.colcon_core.shell:Creating package script '/home/vboxuser/ros2_ws/install/flembot_control/share/flembot_control/package.bash'
[0.807s] INFO:colcon.colcon_core.shell:Creating package script '/home/vboxuser/ros2_ws/install/flembot_control/share/flembot_control/package.zsh'
[0.807s] Level 1:colcon.colcon_core.environment:create_file_with_runtime_dependencies(/home/vboxuser/ros2_ws/install/flembot_control/share/colcon-core/packages/flembot_control)
[0.807s] DEBUG:colcon.colcon_parallel_executor.executor.parallel:closing loop
[0.807s] DEBUG:colcon.colcon_parallel_executor.executor.parallel:loop closed
[0.807s] DEBUG:colcon.colcon_parallel_executor.executor.parallel:run_until_complete finished with '0'
[0.807s] DEBUG:colcon.colcon_core.event_reactor:joining thread
[0.812s] INFO:colcon.colcon_core.plugin_system:Skipping extension 'colcon_notification.desktop_notification.terminal_notifier': Not used on non-Darwin systems
[0.812s] INFO:colcon.colcon_core.plugin_system:Skipping extension 'colcon_notification.desktop_notification.win32': Not used on non-Windows systems
[0.812s] INFO:colcon.colcon_notification.desktop_notification:Sending desktop notification using 'notify2'
[0.821s] DEBUG:colcon.colcon_core.event_reactor:joined thread
[0.821s] INFO:colcon.colcon_core.shell:Creating prefix script '/home/vboxuser/ros2_ws/install/local_setup.ps1'
[0.822s] INFO:colcon.colcon_core.shell:Creating prefix util module '/home/vboxuser/ros2_ws/install/_local_setup_util_ps1.py'
[0.822s] INFO:colcon.colcon_core.shell:Creating prefix chain script '/home/vboxuser/ros2_ws/install/setup.ps1'
[0.822s] INFO:colcon.colcon_core.shell:Creating prefix script '/home/vboxuser/ros2_ws/install/local_setup.sh'
[0.822s] INFO:colcon.colcon_core.shell:Creating prefix util module '/home/vboxuser/ros2_ws/install/_local_setup_util_sh.py'
[0.823s] INFO:colcon.colcon_core.shell:Creating prefix chain script '/home/vboxuser/ros2_ws/install/setup.sh'
[0.823s] INFO:colcon.colcon_core.shell:Creating prefix script '/home/vboxuser/ros2_ws/install/local_setup.bash'
[0.823s] INFO:colcon.colcon_core.shell:Creating prefix chain script '/home/vboxuser/ros2_ws/install/setup.bash'
[0.823s] INFO:colcon.colcon_core.shell:Creating prefix script '/home/vboxuser/ros2_ws/install/local_setup.zsh'
[0.824s] INFO:colcon.colcon_core.shell:Creating prefix chain script '/home/vboxuser/ros2_ws/install/setup.zsh'
