[0.467s] Invoking command in '/home/vboxuser/ros2_ws/src/flembot_control': DEBUGINFOD_URLS=https://debuginfod.ubuntu.com PYTHONPATH=/home/vboxuser/ros2_ws/build/flembot_control/prefix_override:/usr/lib/python3/dist-packages/colcon_core/task/python/colcon_distutils_commands:/home/vboxuser/ros2_ws/install/flembot_control/lib/python3.12/site-packages:${PYTHONPATH} /usr/bin/python3 -W ignore:setup.py install is deprecated -W ignore:easy_install command is deprecated setup.py egg_info --egg-base ../../build/flembot_control build --build-base /home/vboxuser/ros2_ws/build/flembot_control/build install --record /home/vboxuser/ros2_ws/build/flembot_control/install.log --single-version-externally-managed install_data
[0.577s] running egg_info
[0.577s] creating ../../build/flembot_control/flembot_control.egg-info
[0.583s] writing ../../build/flembot_control/flembot_control.egg-info/PKG-INFO
[0.584s] writing dependency_links to ../../build/flembot_control/flembot_control.egg-info/dependency_links.txt
[0.584s] writing entry points to ../../build/flembot_control/flembot_control.egg-info/entry_points.txt
[0.584s] writing requirements to ../../build/flembot_control/flembot_control.egg-info/requires.txt
[0.584s] writing top-level names to ../../build/flembot_control/flembot_control.egg-info/top_level.txt
[0.585s] writing manifest file '../../build/flembot_control/flembot_control.egg-info/SOURCES.txt'
[0.600s] reading manifest file '../../build/flembot_control/flembot_control.egg-info/SOURCES.txt'
[0.600s] writing manifest file '../../build/flembot_control/flembot_control.egg-info/SOURCES.txt'
[0.600s] running build
[0.600s] running build_py
[0.600s] creating /home/vboxuser/ros2_ws/build/flembot_control/build
[0.600s] creating /home/vboxuser/ros2_ws/build/flembot_control/build/lib
[0.600s] creating /home/vboxuser/ros2_ws/build/flembot_control/build/lib/flembot_control
[0.600s] copying flembot_control/teleop.py -> /home/vboxuser/ros2_ws/build/flembot_control/build/lib/flembot_control
[0.600s] copying flembot_control/__init__.py -> /home/vboxuser/ros2_ws/build/flembot_control/build/lib/flembot_control
[0.600s] running install
[0.603s] running install_lib
[0.613s] creating /home/vboxuser/ros2_ws/install/flembot_control/lib/python3.12/site-packages/flembot_control
[0.613s] copying /home/vboxuser/ros2_ws/build/flembot_control/build/lib/flembot_control/teleop.py -> /home/vboxuser/ros2_ws/install/flembot_control/lib/python3.12/site-packages/flembot_control
[0.613s] copying /home/vboxuser/ros2_ws/build/flembot_control/build/lib/flembot_control/__init__.py -> /home/vboxuser/ros2_ws/install/flembot_control/lib/python3.12/site-packages/flembot_control
[0.613s] byte-compiling /home/vboxuser/ros2_ws/install/flembot_control/lib/python3.12/site-packages/flembot_control/teleop.py to teleop.cpython-312.pyc
[0.613s] byte-compiling /home/vboxuser/ros2_ws/install/flembot_control/lib/python3.12/site-packages/flembot_control/__init__.py to __init__.cpython-312.pyc
[0.614s] running install_data
[0.614s] creating /home/vboxuser/ros2_ws/install/flembot_control/share/ament_index
[0.614s] creating /home/vboxuser/ros2_ws/install/flembot_control/share/ament_index/resource_index
[0.614s] creating /home/vboxuser/ros2_ws/install/flembot_control/share/ament_index/resource_index/packages
[0.614s] copying resource/flembot_control -> /home/vboxuser/ros2_ws/install/flembot_control/share/ament_index/resource_index/packages
[0.614s] copying package.xml -> /home/vboxuser/ros2_ws/install/flembot_control/share/flembot_control
[0.614s] running install_egg_info
[0.622s] Copying ../../build/flembot_control/flembot_control.egg-info to /home/vboxuser/ros2_ws/install/flembot_control/lib/python3.12/site-packages/flembot_control-0.0.0-py3.12.egg-info
[0.623s] running install_scripts
[0.686s] Installing teleop script to /home/vboxuser/ros2_ws/install/flembot_control/lib/flembot_control
[0.686s] writing list of installed files to '/home/vboxuser/ros2_ws/build/flembot_control/install.log'
[0.704s] Invoked command in '/home/vboxuser/ros2_ws/src/flembot_control' returned '0': DEBUGINFOD_URLS=https://debuginfod.ubuntu.com PYTHONPATH=/home/vboxuser/ros2_ws/build/flembot_control/prefix_override:/usr/lib/python3/dist-packages/colcon_core/task/python/colcon_distutils_commands:/home/vboxuser/ros2_ws/install/flembot_control/lib/python3.12/site-packages:${PYTHONPATH} /usr/bin/python3 -W ignore:setup.py install is deprecated -W ignore:easy_install command is deprecated setup.py egg_info --egg-base ../../build/flembot_control build --build-base /home/vboxuser/ros2_ws/build/flembot_control/build install --record /home/vboxuser/ros2_ws/build/flembot_control/install.log --single-version-externally-managed install_data
